armed skills/polaris-install/SKILL.md
armed skills/polaris-install/polaris-v5.zip
armed output-styles/polaris.md
armed skills/i-have-adhd/SKILL.md
armed skills/i-have-adhd/LICENSE
armed skills/i-have-adhd/SOURCE.md
the style is the POLARIS one
machine copy stays opt-in
no machine settings.json written
a second run rewrites nothing
