== knobs UNSET: tier words only ==
route --points 5 --risk normal
strong
rc 0
route T-3
cheap
   model: some-model-9
rc 0
== knobs SET: the tier_for table, board-free ==
route --points 5 --risk normal
strong
   model: fable
rc 0
route --points 3 --risk normal
mid
   model: opus
rc 0
route --points 1 --risk normal
cheap
   model: sonnet
rc 0
route --points 2 --risk high
strong
   model: fable
rc 0
route --points x --risk normal
mid
   model: opus
rc 0
== roles ==
route --role PLANNER
strong
   model: fable
rc 0
route --role SOLO
mid
   model: opus
rc 0
route --role BUILDER
mid
   model: opus
   BUILDER routes per task — bash ops/polaris route <ID>
rc 0
route --role WIZARD
mid
   model: opus
   unknown role 'WIZARD' — mid (routing never blocks work)
rc 0
== by ID: derived · tier-word override · literal name ==
route T-1
strong
   model: fable
rc 0
route T-2
cheap
   model: sonnet
rc 0
route T-3
cheap
   model: some-model-9
rc 0
== refusals ==
route <no args>
⛔ usage: polaris route <ID> | --role <ROLE> | --points <N> [--risk <R>]
rc 1
route T-404
⛔ route: no task T-404 on the board — check: ops/polaris board-fm
rc 1
== fleet carries the ready queue max tier ==
token: --model fable
